[32m2026-06-04 13:35:01 +0200[0m - dagster - [34mDEBUG[0m - __ASSET_JOB - 95f32b76-144a-4bd3-b8e4-b469e1587a6f - 28328 - LOGS_CAPTURED - Capturing logs for process (pid: 28328).
[32m2026-06-04 13:35:01 +0200[0m - dagster - [34mDEBUG[0m - __ASSET_JOB - 95f32b76-144a-4bd3-b8e4-b469e1587a6f - 28328 - base_linear_model - STEP_START - Started execution of step "base_linear_model".
[32m2026-06-04 13:35:01 +0200[0m - dagster - [34mINFO[0m - __ASSET_JOB - 95f32b76-144a-4bd3-b8e4-b469e1587a6f - base_linear_model - Loading CSV from: data_warehouse/dfs_united_with_time_features.csv
[32m2026-06-04 13:35:01 +0200[0m - dagster - [34mDEBUG[0m - __ASSET_JOB - 95f32b76-144a-4bd3-b8e4-b469e1587a6f - 28328 - base_linear_model - LOADED_INPUT - Loaded input "dfs_united_with_time_features" using input manager "csv_export", from output "result" of step "dfs_united_with_time_features"
[32m2026-06-04 13:35:01 +0200[0m - dagster - [34mDEBUG[0m - __ASSET_JOB - 95f32b76-144a-4bd3-b8e4-b469e1587a6f - 28328 - base_linear_model - STEP_INPUT - Got input "dfs_united_with_time_features" of type "DataFrame". (Type check passed).
[32m2026-06-04 13:35:02 +0200[0m - dagster - [34mERROR[0m - [31m__ASSET_JOB - 95f32b76-144a-4bd3-b8e4-b469e1587a6f - 28328 - base_linear_model - STEP_FAILURE - Execution of step "base_linear_model" failed.

dagster._core.errors.DagsterExecutionStepExecutionError: Error occurred while executing op "base_linear_model"::

AttributeError: Can only use .dt accessor with datetimelike values. Did you mean: 'at'?

Stack Trace:
  File "/Users/OleksiiIshchenko/project_prod/bikes_dagster/.venv/lib/python3.13/site-packages/dagster/_core/execution/plan/utils.py", line 57, in op_execution_error_boundary
    yield
  File "/Users/OleksiiIshchenko/project_prod/bikes_dagster/.venv/lib/python3.13/site-packages/dagster/_utils/__init__.py", line 394, in iterate_with_context
    next_output = next(iterator)
  File "/Users/OleksiiIshchenko/project_prod/bikes_dagster/.venv/lib/python3.13/site-packages/dagster/_core/execution/plan/compute_generator.py", line 135, in _coerce_op_compute_fn_to_iterator
    result = invoke_compute_fn(
        fn, context, kwargs, context_arg_provided, config_arg_class, resource_arg_mapping
    )
  File "/Users/OleksiiIshchenko/project_prod/bikes_dagster/.venv/lib/python3.13/site-packages/dagster/_core/execution/plan/compute_generator.py", line 115, in invoke_compute_fn
    return fn(context, **args_to_pass) if context_arg_provided else fn(**args_to_pass)
                                                                    ~~^^^^^^^^^^^^^^^^
  File "/Users/OleksiiIshchenko/project_prod/bikes_dagster/src/bikes/defs/models.py", line 29, in base_linear_model
    model_df['hour'] = model_df['datetime'].dt.hour
                       ^^^^^^^^^^^^^^^^^^^^^^^
  File "/Users/OleksiiIshchenko/project_prod/bikes_dagster/.venv/lib/python3.13/site-packages/pandas/core/generic.py", line 6206, in __getattr__
    return object.__getattribute__(self, name)
           ~~~~~~~~~~~~~~~~~~~~~~~^^^^^^^^^^^^
  File "/Users/OleksiiIshchenko/project_prod/bikes_dagster/.venv/lib/python3.13/site-packages/pandas/core/accessor.py", line 230, in __get__
    return self._accessor(obj)
           ~~~~~~~~~~~~~~^^^^^
  File "/Users/OleksiiIshchenko/project_prod/bikes_dagster/.venv/lib/python3.13/site-packages/pandas/core/indexes/accessors.py", line 698, in __new__
    raise AttributeError("Can only use .dt accessor with datetimelike values")
[0m
