[32m2026-06-04 13:31:07 +0200[0m - dagster - [34mDEBUG[0m - __ASSET_JOB - 68f5aa38-234c-4a58-b3ce-0d7bb87ea854 - 28007 - LOGS_CAPTURED - Capturing logs for process (pid: 28007).
[32m2026-06-04 13:31:07 +0200[0m - dagster - [34mDEBUG[0m - __ASSET_JOB - 68f5aa38-234c-4a58-b3ce-0d7bb87ea854 - 28007 - dfs_united_with_time_features - STEP_START - Started execution of step "dfs_united_with_time_features".
[32m2026-06-04 13:31:07 +0200[0m - dagster - [34mDEBUG[0m - __ASSET_JOB - 68f5aa38-234c-4a58-b3ce-0d7bb87ea854 - dfs_united_with_time_features - Loading file from: /Users/OleksiiIshchenko/project_prod/bikes_dagster/.tmp_dagster_home_yacgasat/storage/merged_bikes_with_holidays using PickledObjectFilesystemIOManager...
[32m2026-06-04 13:31:07 +0200[0m - dagster - [34mDEBUG[0m - __ASSET_JOB - 68f5aa38-234c-4a58-b3ce-0d7bb87ea854 - 28007 - dfs_united_with_time_features - LOADED_INPUT - Loaded input "merged_bikes_with_holidays" using input manager "io_manager", from output "result" of step "merged_bikes_with_holidays"
[32m2026-06-04 13:31:07 +0200[0m - dagster - [34mDEBUG[0m - __ASSET_JOB - 68f5aa38-234c-4a58-b3ce-0d7bb87ea854 - dfs_united_with_time_features - Loading file from: /Users/OleksiiIshchenko/project_prod/bikes_dagster/.tmp_dagster_home_yacgasat/storage/weather using PickledObjectFilesystemIOManager...
[32m2026-06-04 13:31:07 +0200[0m - dagster - [34mDEBUG[0m - __ASSET_JOB - 68f5aa38-234c-4a58-b3ce-0d7bb87ea854 - 28007 - dfs_united_with_time_features - LOADED_INPUT - Loaded input "weather" using input manager "io_manager", from output "result" of step "weather"
[32m2026-06-04 13:31:07 +0200[0m - dagster - [34mDEBUG[0m - __ASSET_JOB - 68f5aa38-234c-4a58-b3ce-0d7bb87ea854 - 28007 - dfs_united_with_time_features - STEP_INPUT - Got input "merged_bikes_with_holidays" of type "DataFrame". (Type check passed).
[32m2026-06-04 13:31:07 +0200[0m - dagster - [34mDEBUG[0m - __ASSET_JOB - 68f5aa38-234c-4a58-b3ce-0d7bb87ea854 - 28007 - dfs_united_with_time_features - STEP_INPUT - Got input "weather" of type "DataFrame". (Type check passed).
[32m2026-06-04 13:31:07 +0200[0m - dagster - [34mERROR[0m - [31m__ASSET_JOB - 68f5aa38-234c-4a58-b3ce-0d7bb87ea854 - 28007 - dfs_united_with_time_features - STEP_FAILURE - Execution of step "dfs_united_with_time_features" failed.

dagster._core.errors.DagsterExecutionStepExecutionError: Error occurred while executing op "dfs_united_with_time_features"::

NameError: name 'engineer_time_features' is not defined

Stack Trace:
  File "/Users/OleksiiIshchenko/project_prod/bikes_dagster/.venv/lib/python3.13/site-packages/dagster/_core/execution/plan/utils.py", line 57, in op_execution_error_boundary
    yield
  File "/Users/OleksiiIshchenko/project_prod/bikes_dagster/.venv/lib/python3.13/site-packages/dagster/_utils/__init__.py", line 394, in iterate_with_context
    next_output = next(iterator)
  File "/Users/OleksiiIshchenko/project_prod/bikes_dagster/.venv/lib/python3.13/site-packages/dagster/_core/execution/plan/compute_generator.py", line 135, in _coerce_op_compute_fn_to_iterator
    result = invoke_compute_fn(
        fn, context, kwargs, context_arg_provided, config_arg_class, resource_arg_mapping
    )
  File "/Users/OleksiiIshchenko/project_prod/bikes_dagster/.venv/lib/python3.13/site-packages/dagster/_core/execution/plan/compute_generator.py", line 115, in invoke_compute_fn
    return fn(context, **args_to_pass) if context_arg_provided else fn(**args_to_pass)
                                                                    ~~^^^^^^^^^^^^^^^^
  File "/Users/OleksiiIshchenko/project_prod/bikes_dagster/src/bikes/defs/united_all.py", line 25, in dfs_united_with_time_features
    feature_engineered_df = engineer_time_features(merged_df)
                            ^^^^^^^^^^^^^^^^^^^^^^
[0m
